// Vitest Snapshot v1, https://vitest.dev/guide/snapshot.html

exports[`BaseButton > matches snapshot 1`] = `
"<button data-v-f41cbf5a="" type="button" class="inline-flex items-center justify-center font-medium transition-all duration-200 ease-in-out focus:outline-none focus:ring-2 focus:ring-offset-2 disabled:opacity-50 disabled:cursor-not-allowed  rounded-lg px-4 py-2 text-sm bg-blue-600 text-white hover:bg-blue-700 focus:ring-blue-500 active:bg-blue-800" label="Test Button">
  <!-- Spinner de carga -->
  <!--v-if-->
  <!-- Icono de inicio -->
  <!--v-if-->
  <!-- Contenido del botÃ³n -->
  <!--v-if-->
  <!-- Icono de fin -->
  <!--v-if-->
  <!-- Badge -->
  <!--v-if-->
</button>"
`;
